---
source: cynic-querygen/tests/misc-tests.rs
expression: "cynic_querygen::Generator::new(schema).expect(\"schema parse failed\").generate(query).expect(\"QueryGen Failed\")"
snapshot_kind: text
---
#[derive(cynic::QueryFragment, Debug)]
pub struct Foo {
    #[arguments(input: r#"Hello
     There"#)]
    #[cynic(rename = "fieldWithStringArg")]
    pub one: Option<i32>,
    #[arguments(input: r#"Hello " I am a string with quotes"#)]
    #[cynic(rename = "fieldWithStringArg")]
    pub two: Option<i32>,
}
